[Classic Story Beats]: A story beat template based on the universal structural framework used in professional screenwriting.
<ACT 1>Setup
<ACT 1>Inciting Incident
<ACT 1>- Plot Point 1
<ACT 2A>Rising Action
<ACT 2A>Midpoint
<ACT 2B>The Stakes Rise
<ACT 2B>- Plot Point 2
<ACT 3>Crisis
<ACT 3>Climax
<ACT 3>Resolution

[Hero's Journey (Monomyth)]: A story beat template based on the monomyth structure popularized by Joseph Campbell and Christopher Vogler.
<ACT 1>The Ordinary World
<ACT 1>Call to Adventure
<ACT 1>Refusal of the Call
<ACT 1>Meeting the Mentor
<ACT 1>Crossing the First Threshold
<ACT 2A>Tests, Allies, and Enemies
<ACT 2A>Approach to the Inmost Cave
<ACT 2A>The Ordeal
<ACT 2B>The Reward (Seizing the Sword)
<ACT 2B>The Road Back
<ACT 3>The Resurrection
<ACT 3>Return with the Elixir

[Save the Cat! Style]: A story beat template based on the structural methodology described in 'Save the Cat!' by Blake Snyder.
<ACT 1>Opening Image
<ACT 1>Setup
<ACT 1>- Theme Stated
<ACT 1>Catalyst
<ACT 1>Debate
<ACT 1>Break Into Two
<ACT 2A>B Story
<ACT 2A>Fun And Games
<ACT 2A>Midpoint
<ACT 2B>Bad Guys Close In
<ACT 2B>All Is Lost
<ACT 2B>Dark Night Of The Soul
<ACT 2B>Break Into Three
<ACT 3>Finale
<ACT 3>- Gathering The Team
<ACT 3>- Executing The Plan
<ACT 3>- High Tower Surprise
<ACT 3>- Dig Deep Down
<ACT 3>- Execution Of The New Plan
<ACT 3>Final Image